[2024-09-12 16:06:09 +0000] [3351] [INFO] Starting gunicorn 23.0.0
[2024-09-12 16:06:09 +0000] [3351] [INFO] Listening at: http://127.0.0.1:8000 (3351)
[2024-09-12 16:06:09 +0000] [3351] [INFO] Using worker: sync
[2024-09-12 16:06:09 +0000] [3353] [INFO] Booting worker with pid: 3353
[2024-09-12 16:06:09 +0000] [3354] [INFO] Booting worker with pid: 3354
[2024-09-12 16:06:09 +0000] [3355] [INFO] Booting worker with pid: 3355
[2024-09-12 16:06:09 +0000] [3353] [ERROR] Exception in worker process
Traceback (most recent call last):
  File "/home/ec2-user/miniconda3/envs/myprojectenv/lib/python3.8/site-packages/gunicorn/arbiter.py", line 608, in spawn_worker
    worker.init_process()
  File "/home/ec2-user/miniconda3/envs/myprojectenv/lib/python3.8/site-packages/gunicorn/workers/base.py", line 135, in init_process
    self.load_wsgi()
  File "/home/ec2-user/miniconda3/envs/myprojectenv/lib/python3.8/site-packages/gunicorn/workers/base.py", line 147, in load_wsgi
    self.wsgi = self.app.wsgi()
  File "/home/ec2-user/miniconda3/envs/myprojectenv/lib/python3.8/site-packages/gunicorn/app/base.py", line 66, in wsgi
    self.callable = self.load()
  File "/home/ec2-user/miniconda3/envs/myprojectenv/lib/python3.8/site-packages/gunicorn/app/wsgiapp.py", line 57, in load
    return self.load_wsgiapp()
  File "/home/ec2-user/miniconda3/envs/myprojectenv/lib/python3.8/site-packages/gunicorn/app/wsgiapp.py", line 47, in load_wsgiapp
    return util.import_app(self.app_uri)
  File "/home/ec2-user/miniconda3/envs/myprojectenv/lib/python3.8/site-packages/gunicorn/util.py", line 370, in import_app
    mod = importlib.import_module(module)
  File "/home/ec2-user/miniconda3/envs/myprojectenv/lib/python3.8/importlib/__init__.py", line 127, in import_module
    return _bootstrap._gcd_import(name[level:], package, level)
  File "<frozen importlib._bootstrap>", line 1014, in _gcd_import
  File "<frozen importlib._bootstrap>", line 991, in _find_and_load
  File "<frozen importlib._bootstrap>", line 975, in _find_and_load_unlocked
  File "<frozen importlib._bootstrap>", line 671, in _load_unlocked
  File "<frozen importlib._bootstrap_external>", line 843, in exec_module
  File "<frozen importlib._bootstrap>", line 219, in _call_with_frames_removed
  File "/home/ec2-user/planet-game/backend/app/app.py", line 6, in <module>
    from init_db import init_db
ModuleNotFoundError: No module named 'init_db'
[2024-09-12 16:06:09 +0000] [3353] [INFO] Worker exiting (pid: 3353)
[2024-09-12 16:06:09 +0000] [3354] [ERROR] Exception in worker process
Traceback (most recent call last):
  File "/home/ec2-user/miniconda3/envs/myprojectenv/lib/python3.8/site-packages/gunicorn/arbiter.py", line 608, in spawn_worker
    worker.init_process()
  File "/home/ec2-user/miniconda3/envs/myprojectenv/lib/python3.8/site-packages/gunicorn/workers/base.py", line 135, in init_process
    self.load_wsgi()
  File "/home/ec2-user/miniconda3/envs/myprojectenv/lib/python3.8/site-packages/gunicorn/workers/base.py", line 147, in load_wsgi
    self.wsgi = self.app.wsgi()
  File "/home/ec2-user/miniconda3/envs/myprojectenv/lib/python3.8/site-packages/gunicorn/app/base.py", line 66, in wsgi
    self.callable = self.load()
  File "/home/ec2-user/miniconda3/envs/myprojectenv/lib/python3.8/site-packages/gunicorn/app/wsgiapp.py", line 57, in load
    return self.load_wsgiapp()
  File "/home/ec2-user/miniconda3/envs/myprojectenv/lib/python3.8/site-packages/gunicorn/app/wsgiapp.py", line 47, in load_wsgiapp
    return util.import_app(self.app_uri)
  File "/home/ec2-user/miniconda3/envs/myprojectenv/lib/python3.8/site-packages/gunicorn/util.py", line 370, in import_app
    mod = importlib.import_module(module)
  File "/home/ec2-user/miniconda3/envs/myprojectenv/lib/python3.8/importlib/__init__.py", line 127, in import_module
    return _bootstrap._gcd_import(name[level:], package, level)
  File "<frozen importlib._bootstrap>", line 1014, in _gcd_import
  File "<frozen importlib._bootstrap>", line 991, in _find_and_load
  File "<frozen importlib._bootstrap>", line 975, in _find_and_load_unlocked
  File "<frozen importlib._bootstrap>", line 671, in _load_unlocked
  File "<frozen importlib._bootstrap_external>", line 843, in exec_module
  File "<frozen importlib._bootstrap>", line 219, in _call_with_frames_removed
  File "/home/ec2-user/planet-game/backend/app/app.py", line 6, in <module>
    from init_db import init_db
ModuleNotFoundError: No module named 'init_db'
[2024-09-12 16:06:09 +0000] [3354] [INFO] Worker exiting (pid: 3354)
[2024-09-12 16:06:09 +0000] [3355] [ERROR] Exception in worker process
Traceback (most recent call last):
  File "/home/ec2-user/miniconda3/envs/myprojectenv/lib/python3.8/site-packages/gunicorn/arbiter.py", line 608, in spawn_worker
    worker.init_process()
  File "/home/ec2-user/miniconda3/envs/myprojectenv/lib/python3.8/site-packages/gunicorn/workers/base.py", line 135, in init_process
    self.load_wsgi()
  File "/home/ec2-user/miniconda3/envs/myprojectenv/lib/python3.8/site-packages/gunicorn/workers/base.py", line 147, in load_wsgi
    self.wsgi = self.app.wsgi()
  File "/home/ec2-user/miniconda3/envs/myprojectenv/lib/python3.8/site-packages/gunicorn/app/base.py", line 66, in wsgi
    self.callable = self.load()
  File "/home/ec2-user/miniconda3/envs/myprojectenv/lib/python3.8/site-packages/gunicorn/app/wsgiapp.py", line 57, in load
    return self.load_wsgiapp()
  File "/home/ec2-user/miniconda3/envs/myprojectenv/lib/python3.8/site-packages/gunicorn/app/wsgiapp.py", line 47, in load_wsgiapp
    return util.import_app(self.app_uri)
  File "/home/ec2-user/miniconda3/envs/myprojectenv/lib/python3.8/site-packages/gunicorn/util.py", line 370, in import_app
    mod = importlib.import_module(module)
  File "/home/ec2-user/miniconda3/envs/myprojectenv/lib/python3.8/importlib/__init__.py", line 127, in import_module
    return _bootstrap._gcd_import(name[level:], package, level)
  File "<frozen importlib._bootstrap>", line 1014, in _gcd_import
  File "<frozen importlib._bootstrap>", line 991, in _find_and_load
  File "<frozen importlib._bootstrap>", line 975, in _find_and_load_unlocked
  File "<frozen importlib._bootstrap>", line 671, in _load_unlocked
  File "<frozen importlib._bootstrap_external>", line 843, in exec_module
  File "<frozen importlib._bootstrap>", line 219, in _call_with_frames_removed
  File "/home/ec2-user/planet-game/backend/app/app.py", line 6, in <module>
    from init_db import init_db
ModuleNotFoundError: No module named 'init_db'
[2024-09-12 16:06:09 +0000] [3355] [INFO] Worker exiting (pid: 3355)
[2024-09-12 16:06:09 +0000] [3351] [ERROR] Worker (pid:3353) exited with code 3
[2024-09-12 16:06:09 +0000] [3351] [ERROR] Worker (pid:3354) was sent SIGTERM!
[2024-09-12 16:06:09 +0000] [3351] [ERROR] Worker (pid:3355) was sent SIGTERM!
[2024-09-12 16:06:09 +0000] [3351] [ERROR] Shutting down: Master
[2024-09-12 16:06:09 +0000] [3351] [ERROR] Reason: Worker failed to boot.
[2024-09-12 16:07:42 +0000] [3358] [INFO] Starting gunicorn 23.0.0
[2024-09-12 16:07:42 +0000] [3358] [INFO] Listening at: http://127.0.0.1:8000 (3358)
[2024-09-12 16:07:42 +0000] [3358] [INFO] Using worker: sync
[2024-09-12 16:07:42 +0000] [3360] [INFO] Booting worker with pid: 3360
[2024-09-12 16:07:42 +0000] [3361] [INFO] Booting worker with pid: 3361
[2024-09-12 16:07:42 +0000] [3362] [INFO] Booting worker with pid: 3362
[2024-09-12 16:07:42 +0000] [3360] [ERROR] Exception in worker process
Traceback (most recent call last):
  File "/home/ec2-user/miniconda3/envs/myprojectenv/lib/python3.8/site-packages/gunicorn/arbiter.py", line 608, in spawn_worker
    worker.init_process()
  File "/home/ec2-user/miniconda3/envs/myprojectenv/lib/python3.8/site-packages/gunicorn/workers/base.py", line 135, in init_process
    self.load_wsgi()
  File "/home/ec2-user/miniconda3/envs/myprojectenv/lib/python3.8/site-packages/gunicorn/workers/base.py", line 147, in load_wsgi
    self.wsgi = self.app.wsgi()
  File "/home/ec2-user/miniconda3/envs/myprojectenv/lib/python3.8/site-packages/gunicorn/app/base.py", line 66, in wsgi
    self.callable = self.load()
  File "/home/ec2-user/miniconda3/envs/myprojectenv/lib/python3.8/site-packages/gunicorn/app/wsgiapp.py", line 57, in load
    return self.load_wsgiapp()
  File "/home/ec2-user/miniconda3/envs/myprojectenv/lib/python3.8/site-packages/gunicorn/app/wsgiapp.py", line 47, in load_wsgiapp
    return util.import_app(self.app_uri)
  File "/home/ec2-user/miniconda3/envs/myprojectenv/lib/python3.8/site-packages/gunicorn/util.py", line 370, in import_app
    mod = importlib.import_module(module)
  File "/home/ec2-user/miniconda3/envs/myprojectenv/lib/python3.8/importlib/__init__.py", line 127, in import_module
    return _bootstrap._gcd_import(name[level:], package, level)
  File "<frozen importlib._bootstrap>", line 1014, in _gcd_import
  File "<frozen importlib._bootstrap>", line 991, in _find_and_load
  File "<frozen importlib._bootstrap>", line 975, in _find_and_load_unlocked
  File "<frozen importlib._bootstrap>", line 671, in _load_unlocked
  File "<frozen importlib._bootstrap_external>", line 843, in exec_module
  File "<frozen importlib._bootstrap>", line 219, in _call_with_frames_removed
  File "/home/ec2-user/planet-game/backend/app/app.py", line 6, in <module>
    from init_db import init_db
ModuleNotFoundError: No module named 'init_db'
[2024-09-12 16:07:42 +0000] [3360] [INFO] Worker exiting (pid: 3360)
[2024-09-12 16:07:42 +0000] [3358] [ERROR] Worker (pid:3360) exited with code 3
[2024-09-12 16:07:42 +0000] [3361] [ERROR] Exception in worker process
Traceback (most recent call last):
  File "/home/ec2-user/miniconda3/envs/myprojectenv/lib/python3.8/site-packages/gunicorn/arbiter.py", line 608, in spawn_worker
    worker.init_process()
  File "/home/ec2-user/miniconda3/envs/myprojectenv/lib/python3.8/site-packages/gunicorn/workers/base.py", line 135, in init_process
    self.load_wsgi()
  File "/home/ec2-user/miniconda3/envs/myprojectenv/lib/python3.8/site-packages/gunicorn/workers/base.py", line 147, in load_wsgi
    self.wsgi = self.app.wsgi()
  File "/home/ec2-user/miniconda3/envs/myprojectenv/lib/python3.8/site-packages/gunicorn/app/base.py", line 66, in wsgi
    self.callable = self.load()
  File "/home/ec2-user/miniconda3/envs/myprojectenv/lib/python3.8/site-packages/gunicorn/app/wsgiapp.py", line 57, in load
    return self.load_wsgiapp()
  File "/home/ec2-user/miniconda3/envs/myprojectenv/lib/python3.8/site-packages/gunicorn/app/wsgiapp.py", line 47, in load_wsgiapp
    return util.import_app(self.app_uri)
  File "/home/ec2-user/miniconda3/envs/myprojectenv/lib/python3.8/site-packages/gunicorn/util.py", line 370, in import_app
    mod = importlib.import_module(module)
  File "/home/ec2-user/miniconda3/envs/myprojectenv/lib/python3.8/importlib/__init__.py", line 127, in import_module
    return _bootstrap._gcd_import(name[level:], package, level)
  File "<frozen importlib._bootstrap>", line 1014, in _gcd_import
  File "<frozen importlib._bootstrap>", line 991, in _find_and_load
  File "<frozen importlib._bootstrap>", line 975, in _find_and_load_unlocked
  File "<frozen importlib._bootstrap>", line 671, in _load_unlocked
  File "<frozen importlib._bootstrap_external>", line 843, in exec_module
  File "<frozen importlib._bootstrap>", line 219, in _call_with_frames_removed
  File "/home/ec2-user/planet-game/backend/app/app.py", line 6, in <module>
    from init_db import init_db
ModuleNotFoundError: No module named 'init_db'
[2024-09-12 16:07:42 +0000] [3361] [INFO] Worker exiting (pid: 3361)
[2024-09-12 16:07:42 +0000] [3362] [ERROR] Exception in worker process
Traceback (most recent call last):
  File "/home/ec2-user/miniconda3/envs/myprojectenv/lib/python3.8/site-packages/gunicorn/arbiter.py", line 608, in spawn_worker
    worker.init_process()
  File "/home/ec2-user/miniconda3/envs/myprojectenv/lib/python3.8/site-packages/gunicorn/workers/base.py", line 135, in init_process
    self.load_wsgi()
  File "/home/ec2-user/miniconda3/envs/myprojectenv/lib/python3.8/site-packages/gunicorn/workers/base.py", line 147, in load_wsgi
    self.wsgi = self.app.wsgi()
  File "/home/ec2-user/miniconda3/envs/myprojectenv/lib/python3.8/site-packages/gunicorn/app/base.py", line 66, in wsgi
    self.callable = self.load()
  File "/home/ec2-user/miniconda3/envs/myprojectenv/lib/python3.8/site-packages/gunicorn/app/wsgiapp.py", line 57, in load
    return self.load_wsgiapp()
  File "/home/ec2-user/miniconda3/envs/myprojectenv/lib/python3.8/site-packages/gunicorn/app/wsgiapp.py", line 47, in load_wsgiapp
    return util.import_app(self.app_uri)
  File "/home/ec2-user/miniconda3/envs/myprojectenv/lib/python3.8/site-packages/gunicorn/util.py", line 370, in import_app
    mod = importlib.import_module(module)
  File "/home/ec2-user/miniconda3/envs/myprojectenv/lib/python3.8/importlib/__init__.py", line 127, in import_module
    return _bootstrap._gcd_import(name[level:], package, level)
  File "<frozen importlib._bootstrap>", line 1014, in _gcd_import
  File "<frozen importlib._bootstrap>", line 991, in _find_and_load
  File "<frozen importlib._bootstrap>", line 975, in _find_and_load_unlocked
  File "<frozen importlib._bootstrap>", line 671, in _load_unlocked
  File "<frozen importlib._bootstrap_external>", line 843, in exec_module
  File "<frozen importlib._bootstrap>", line 219, in _call_with_frames_removed
  File "/home/ec2-user/planet-game/backend/app/app.py", line 6, in <module>
    from init_db import init_db
ModuleNotFoundError: No module named 'init_db'
[2024-09-12 16:07:42 +0000] [3362] [INFO] Worker exiting (pid: 3362)
[2024-09-12 16:07:42 +0000] [3358] [ERROR] Worker (pid:3361) exited with code 3
Traceback (most recent call last):
  File "/home/ec2-user/miniconda3/envs/myprojectenv/lib/python3.8/site-packages/gunicorn/arbiter.py", line 208, in run
    self.sleep()
  File "/home/ec2-user/miniconda3/envs/myprojectenv/lib/python3.8/site-packages/gunicorn/arbiter.py", line 359, in sleep
    ready = select.select([self.PIPE[0]], [], [], 1.0)
  File "/home/ec2-user/miniconda3/envs/myprojectenv/lib/python3.8/site-packages/gunicorn/arbiter.py", line 241, in handle_chld
    self.reap_workers()
  File "/home/ec2-user/miniconda3/envs/myprojectenv/lib/python3.8/site-packages/gunicorn/arbiter.py", line 529, in reap_workers
    raise HaltServer(reason, self.WORKER_BOOT_ERROR)
gunicorn.errors.HaltServer: <HaltServer 'Worker failed to boot.' 3>

During handling of the above exception, another exception occurred:

Traceback (most recent call last):
  File "/home/ec2-user/miniconda3/envs/myprojectenv/bin/gunicorn", line 8, in <module>
    sys.exit(run())
  File "/home/ec2-user/miniconda3/envs/myprojectenv/lib/python3.8/site-packages/gunicorn/app/wsgiapp.py", line 66, in run
    WSGIApplication("%(prog)s [OPTIONS] [APP_MODULE]", prog=prog).run()
  File "/home/ec2-user/miniconda3/envs/myprojectenv/lib/python3.8/site-packages/gunicorn/app/base.py", line 235, in run
    super().run()
  File "/home/ec2-user/miniconda3/envs/myprojectenv/lib/python3.8/site-packages/gunicorn/app/base.py", line 71, in run
    Arbiter(self).run()
  File "/home/ec2-user/miniconda3/envs/myprojectenv/lib/python3.8/site-packages/gunicorn/arbiter.py", line 228, in run
    self.halt(reason=inst.reason, exit_status=inst.exit_status)
  File "/home/ec2-user/miniconda3/envs/myprojectenv/lib/python3.8/site-packages/gunicorn/arbiter.py", line 341, in halt
    self.stop()
  File "/home/ec2-user/miniconda3/envs/myprojectenv/lib/python3.8/site-packages/gunicorn/arbiter.py", line 395, in stop
    time.sleep(0.1)
  File "/home/ec2-user/miniconda3/envs/myprojectenv/lib/python3.8/site-packages/gunicorn/arbiter.py", line 241, in handle_chld
    self.reap_workers()
  File "/home/ec2-user/miniconda3/envs/myprojectenv/lib/python3.8/site-packages/gunicorn/arbiter.py", line 529, in reap_workers
    raise HaltServer(reason, self.WORKER_BOOT_ERROR)
gunicorn.errors.HaltServer: <HaltServer 'Worker failed to boot.' 3>
[2024-09-12 16:14:36 +0000] [3437] [INFO] Starting gunicorn 23.0.0
[2024-09-12 16:14:36 +0000] [3437] [INFO] Listening at: http://127.0.0.1:8000 (3437)
[2024-09-12 16:14:36 +0000] [3437] [INFO] Using worker: sync
[2024-09-12 16:14:36 +0000] [3439] [INFO] Booting worker with pid: 3439
[2024-09-12 16:14:36 +0000] [3440] [INFO] Booting worker with pid: 3440
[2024-09-12 16:14:36 +0000] [3441] [INFO] Booting worker with pid: 3441
[2024-09-12 16:16:01 +0000] [3437] [INFO] Handling signal: term
[2024-09-12 16:16:01 +0000] [3439] [INFO] Worker exiting (pid: 3439)
Template folder: /home/ec2-user/planet-game/backend/app/../../frontend
[2024-09-12 16:16:01 +0000] [3440] [INFO] Worker exiting (pid: 3440)
Template folder: /home/ec2-user/planet-game/backend/app/../../frontend
[2024-09-12 16:16:01 +0000] [3441] [INFO] Worker exiting (pid: 3441)
Template folder: /home/ec2-user/planet-game/backend/app/../../frontend
[2024-09-12 16:16:01 +0000] [3437] [ERROR] Worker (pid:3440) was sent SIGTERM!
[2024-09-12 16:16:01 +0000] [3437] [ERROR] Worker (pid:3441) was sent SIGTERM!
[2024-09-12 16:16:01 +0000] [3437] [ERROR] Worker (pid:3439) was sent SIGTERM!
[2024-09-12 16:16:01 +0000] [3437] [INFO] Shutting down: Master
[2024-09-12 16:16:05 +0000] [3446] [INFO] Starting gunicorn 23.0.0
[2024-09-12 16:16:05 +0000] [3446] [INFO] Listening at: http://127.0.0.1:8000 (3446)
[2024-09-12 16:16:05 +0000] [3446] [INFO] Using worker: sync
[2024-09-12 16:16:05 +0000] [3448] [INFO] Booting worker with pid: 3448
[2024-09-12 16:16:05 +0000] [3449] [INFO] Booting worker with pid: 3449
[2024-09-12 16:16:05 +0000] [3450] [INFO] Booting worker with pid: 3450
[2024-09-12 16:18:38 +0000] [3446] [INFO] Handling signal: term
[2024-09-12 16:18:38 +0000] [3448] [INFO] Worker exiting (pid: 3448)
Template folder: /home/ec2-user/planet-game/backend/app/../../frontend
[2024-09-12 16:18:38 +0000] [3449] [INFO] Worker exiting (pid: 3449)
Template folder: /home/ec2-user/planet-game/backend/app/../../frontend
[2024-09-12 16:18:38 +0000] [3450] [INFO] Worker exiting (pid: 3450)
Template folder: /home/ec2-user/planet-game/backend/app/../../frontend
[2024-09-12 16:18:38 +0000] [3446] [ERROR] Worker (pid:3448) was sent SIGTERM!
[2024-09-12 16:18:38 +0000] [3446] [ERROR] Worker (pid:3450) was sent SIGTERM!
[2024-09-12 16:18:38 +0000] [3446] [ERROR] Worker (pid:3449) was sent SIGTERM!
[2024-09-12 16:18:38 +0000] [3446] [INFO] Shutting down: Master
[2024-09-12 16:18:42 +0000] [3464] [INFO] Starting gunicorn 23.0.0
[2024-09-12 16:18:42 +0000] [3464] [INFO] Listening at: http://127.0.0.1:8000 (3464)
[2024-09-12 16:18:42 +0000] [3464] [INFO] Using worker: sync
[2024-09-12 16:18:42 +0000] [3466] [INFO] Booting worker with pid: 3466
[2024-09-12 16:18:42 +0000] [3467] [INFO] Booting worker with pid: 3467
[2024-09-12 16:18:42 +0000] [3468] [INFO] Booting worker with pid: 3468
[2024-09-12 16:20:21 +0000] [3464] [INFO] Handling signal: term
[2024-09-12 16:20:21 +0000] [3466] [INFO] Worker exiting (pid: 3466)
Template folder: /home/ec2-user/planet-game/backend/app/../../frontend
[2024-09-12 16:20:21 +0000] [3467] [INFO] Worker exiting (pid: 3467)
Template folder: /home/ec2-user/planet-game/backend/app/../../frontend
[2024-09-12 16:20:21 +0000] [3468] [INFO] Worker exiting (pid: 3468)
Template folder: /home/ec2-user/planet-game/backend/app/../../frontend
[2024-09-12 16:20:21 +0000] [3464] [ERROR] Worker (pid:3468) was sent SIGTERM!
[2024-09-12 16:20:21 +0000] [3464] [ERROR] Worker (pid:3467) was sent SIGTERM!
[2024-09-12 16:20:21 +0000] [3464] [ERROR] Worker (pid:3466) was sent SIGTERM!
[2024-09-12 16:20:21 +0000] [3464] [INFO] Shutting down: Master
[2024-09-12 16:20:45 +0000] [3541] [INFO] Starting gunicorn 23.0.0
[2024-09-12 16:20:45 +0000] [3541] [INFO] Listening at: http://127.0.0.1:8000 (3541)
[2024-09-12 16:20:45 +0000] [3541] [INFO] Using worker: sync
[2024-09-12 16:20:45 +0000] [3543] [INFO] Booting worker with pid: 3543
[2024-09-12 16:20:45 +0000] [3544] [INFO] Booting worker with pid: 3544
[2024-09-12 16:20:45 +0000] [3545] [INFO] Booting worker with pid: 3545
[2024-09-12 16:23:27 +0000] [3541] [INFO] Handling signal: term
[2024-09-12 16:23:27 +0000] [3543] [INFO] Worker exiting (pid: 3543)
Template folder: /home/ec2-user/planet-game/backend/app/../../frontend
[2024-09-12 16:23:27 +0000] [3544] [INFO] Worker exiting (pid: 3544)
Template folder: /home/ec2-user/planet-game/backend/app/../../frontend
[2024-09-12 16:23:27 +0000] [3545] [INFO] Worker exiting (pid: 3545)
Template folder: /home/ec2-user/planet-game/backend/app/../../frontend
[2024-09-12 16:23:27 +0000] [3541] [ERROR] Worker (pid:3545) was sent SIGTERM!
[2024-09-12 16:23:27 +0000] [3541] [ERROR] Worker (pid:3544) was sent SIGTERM!
[2024-09-12 16:23:27 +0000] [3541] [ERROR] Worker (pid:3543) was sent SIGTERM!
[2024-09-12 16:23:27 +0000] [3541] [INFO] Shutting down: Master
[2024-09-15 05:36:26 +0000] [3279] [INFO] Starting gunicorn 23.0.0
[2024-09-15 05:36:26 +0000] [3279] [INFO] Listening at: http://127.0.0.1:8000 (3279)
[2024-09-15 05:36:26 +0000] [3279] [INFO] Using worker: sync
[2024-09-15 05:36:26 +0000] [3281] [INFO] Booting worker with pid: 3281
[2024-09-15 05:36:26 +0000] [3282] [INFO] Booting worker with pid: 3282
[2024-09-15 05:36:26 +0000] [3283] [INFO] Booting worker with pid: 3283
[2024-09-15 06:00:49 +0000] [3279] [INFO] Handling signal: term
[2024-09-15 06:00:49 +0000] [3281] [INFO] Worker exiting (pid: 3281)
Template folder: /home/ec2-user/planet-game/backend/app/../../frontend
User is not logged in.
[2024-09-15 06:00:49 +0000] [3282] [INFO] Worker exiting (pid: 3282)
Template folder: /home/ec2-user/planet-game/backend/app/../../frontend
User is not logged in.
Received data: {'username': 'syphone', 'score': 285}
User is logged in: syphone
[2024-09-15 06:00:49 +0000] [3283] [INFO] Worker exiting (pid: 3283)
Template folder: /home/ec2-user/planet-game/backend/app/../../frontend
Received data: {'username': 'syphone', 'score': 892}
[2024-09-15 06:00:49 +0000] [3279] [ERROR] Worker (pid:3283) was sent SIGTERM!
[2024-09-15 06:00:49 +0000] [3279] [ERROR] Worker (pid:3282) was sent SIGTERM!
[2024-09-15 06:00:49 +0000] [3279] [ERROR] Worker (pid:3281) was sent SIGTERM!
[2024-09-15 06:00:49 +0000] [3279] [INFO] Shutting down: Master
[2024-09-15 16:10:41 +0000] [3278] [INFO] Starting gunicorn 23.0.0
[2024-09-15 16:10:41 +0000] [3278] [INFO] Listening at: http://127.0.0.1:8000 (3278)
[2024-09-15 16:10:41 +0000] [3278] [INFO] Using worker: sync
[2024-09-15 16:10:41 +0000] [3280] [INFO] Booting worker with pid: 3280
[2024-09-15 16:10:41 +0000] [3281] [INFO] Booting worker with pid: 3281
[2024-09-15 16:10:41 +0000] [3282] [INFO] Booting worker with pid: 3282
[2024-09-15 16:50:11 +0000] [3278] [ERROR] Worker (pid:3280) was sent SIGHUP!
[2024-09-15 16:50:11 +0000] [3278] [ERROR] Worker (pid:3281) was sent SIGHUP!
[2024-09-15 16:50:11 +0000] [3278] [ERROR] Worker (pid:3282) was sent SIGHUP!
[2024-09-15 16:50:11 +0000] [3384] [INFO] Booting worker with pid: 3384
[2024-09-15 16:50:11 +0000] [3394] [INFO] Booting worker with pid: 3394
[2024-09-15 16:50:11 +0000] [3412] [INFO] Booting worker with pid: 3412
[2024-09-15 16:50:11 +0000] [3278] [INFO] Handling signal: hup
[2024-09-15 16:50:11 +0000] [3278] [INFO] Hang up: Master
[2024-09-15 16:50:11 +0000] [3415] [INFO] Booting worker with pid: 3415
[2024-09-15 16:50:11 +0000] [3416] [INFO] Booting worker with pid: 3416
[2024-09-15 16:50:11 +0000] [3278] [INFO] Handling signal: term
[2024-09-15 16:50:11 +0000] [3418] [INFO] Booting worker with pid: 3418
[2024-09-15 16:50:12 +0000] [3384] [INFO] Worker exiting (pid: 3384)
Template folder: /home/ec2-user/planet-game/backend/app/../../frontend
[2024-09-15 16:50:12 +0000] [3394] [INFO] Worker exiting (pid: 3394)
Template folder: /home/ec2-user/planet-game/backend/app/../../frontend
[2024-09-15 16:50:12 +0000] [3412] [INFO] Worker exiting (pid: 3412)
Template folder: /home/ec2-user/planet-game/backend/app/../../frontend
[2024-09-15 16:50:12 +0000] [3415] [INFO] Worker exiting (pid: 3415)
Template folder: /home/ec2-user/planet-game/backend/app/../../frontend
[2024-09-15 16:50:12 +0000] [3416] [INFO] Worker exiting (pid: 3416)
Template folder: /home/ec2-user/planet-game/backend/app/../../frontend
[2024-09-15 16:50:41 +0000] [3278] [INFO] Shutting down: Master
[2024-09-17 06:25:18 +0000] [3275] [INFO] Starting gunicorn 23.0.0
[2024-09-17 06:25:18 +0000] [3275] [INFO] Listening at: http://127.0.0.1:8000 (3275)
[2024-09-17 06:25:18 +0000] [3275] [INFO] Using worker: sync
[2024-09-17 06:25:18 +0000] [3277] [INFO] Booting worker with pid: 3277
[2024-09-17 06:25:18 +0000] [3278] [INFO] Booting worker with pid: 3278
[2024-09-17 06:25:18 +0000] [3279] [INFO] Booting worker with pid: 3279
[2024-09-17 06:37:38 +0000] [3275] [INFO] Handling signal: term
[2024-09-17 06:37:38 +0000] [3277] [INFO] Worker exiting (pid: 3277)
Template folder: /home/ec2-user/planet-game/backend/app/../../frontend
Received data: {'username': 'ssyy06301', 'score': 1724}
[2024-09-17 06:37:38 +0000] [3278] [INFO] Worker exiting (pid: 3278)
Template folder: /home/ec2-user/planet-game/backend/app/../../frontend
User is not logged in.
[2024-09-17 06:37:38 +0000] [3279] [INFO] Worker exiting (pid: 3279)
Template folder: /home/ec2-user/planet-game/backend/app/../../frontend
User is not logged in.
[2024-09-17 06:37:38 +0000] [3275] [ERROR] Worker (pid:3277) was sent SIGTERM!
[2024-09-17 06:37:38 +0000] [3275] [ERROR] Worker (pid:3278) was sent SIGTERM!
[2024-09-17 06:37:38 +0000] [3275] [ERROR] Worker (pid:3279) was sent SIGTERM!
[2024-09-17 06:37:39 +0000] [3275] [INFO] Shutting down: Master
[2024-09-19 05:55:14 +0000] [3358] [INFO] Starting gunicorn 23.0.0
[2024-09-19 05:55:14 +0000] [3358] [INFO] Listening at: http://127.0.0.1:8000 (3358)
[2024-09-19 05:55:14 +0000] [3358] [INFO] Using worker: sync
[2024-09-19 05:55:14 +0000] [3360] [INFO] Booting worker with pid: 3360
[2024-09-19 05:55:14 +0000] [3361] [INFO] Booting worker with pid: 3361
[2024-09-19 05:55:14 +0000] [3362] [INFO] Booting worker with pid: 3362
[2024-09-19 07:28:38 +0000] [3358] [ERROR] Worker (pid:3360) was sent SIGHUP!
[2024-09-19 07:28:38 +0000] [3358] [ERROR] Worker (pid:3362) was sent SIGHUP!
[2024-09-19 07:28:38 +0000] [3358] [ERROR] Worker (pid:3361) was sent SIGHUP!
[2024-09-19 07:28:38 +0000] [3669] [INFO] Booting worker with pid: 3669
[2024-09-19 07:28:38 +0000] [3695] [INFO] Booting worker with pid: 3695
[2024-09-19 07:28:38 +0000] [3358] [INFO] Handling signal: hup
[2024-09-19 07:28:38 +0000] [3358] [INFO] Hang up: Master
[2024-09-19 07:28:38 +0000] [3358] [INFO] Handling signal: term
[2024-09-19 07:28:38 +0000] [3697] [INFO] Booting worker with pid: 3697
[2024-09-19 07:28:38 +0000] [3696] [INFO] Booting worker with pid: 3696
[2024-09-19 07:28:38 +0000] [3698] [INFO] Booting worker with pid: 3698
[2024-09-19 07:28:39 +0000] [3669] [INFO] Worker exiting (pid: 3669)
Template folder: /home/ec2-user/planet-game/backend/app/../../frontend
[2024-09-19 07:28:39 +0000] [3695] [INFO] Worker exiting (pid: 3695)
Template folder: /home/ec2-user/planet-game/backend/app/../../frontend
[2024-09-19 07:29:08 +0000] [3358] [INFO] Shutting down: Master
[2024-09-21 19:17:51 +0000] [19238] [INFO] Starting gunicorn 23.0.0
[2024-09-21 19:17:51 +0000] [19238] [INFO] Listening at: http://127.0.0.1:8000 (19238)
[2024-09-21 19:17:51 +0000] [19238] [INFO] Using worker: sync
[2024-09-21 19:17:51 +0000] [19240] [INFO] Booting worker with pid: 19240
[2024-09-21 19:17:51 +0000] [19240] [ERROR] Exception in worker process
Traceback (most recent call last):
  File "/home/ec2-user/planet-game/myprojectenv/lib/python3.8/site-packages/gunicorn/arbiter.py", line 608, in spawn_worker
    worker.init_process()
  File "/home/ec2-user/planet-game/myprojectenv/lib/python3.8/site-packages/gunicorn/workers/base.py", line 135, in init_process
    self.load_wsgi()
  File "/home/ec2-user/planet-game/myprojectenv/lib/python3.8/site-packages/gunicorn/workers/base.py", line 147, in load_wsgi
    self.wsgi = self.app.wsgi()
  File "/home/ec2-user/planet-game/myprojectenv/lib/python3.8/site-packages/gunicorn/app/base.py", line 66, in wsgi
    self.callable = self.load()
  File "/home/ec2-user/planet-game/myprojectenv/lib/python3.8/site-packages/gunicorn/app/wsgiapp.py", line 57, in load
    return self.load_wsgiapp()
  File "/home/ec2-user/planet-game/myprojectenv/lib/python3.8/site-packages/gunicorn/app/wsgiapp.py", line 47, in load_wsgiapp
    return util.import_app(self.app_uri)
  File "/home/ec2-user/planet-game/myprojectenv/lib/python3.8/site-packages/gunicorn/util.py", line 370, in import_app
    mod = importlib.import_module(module)
  File "/home/ec2-user/miniconda3/envs/myprojectenv/lib/python3.8/importlib/__init__.py", line 127, in import_module
    return _bootstrap._gcd_import(name[level:], package, level)
  File "<frozen importlib._bootstrap>", line 1014, in _gcd_import
  File "<frozen importlib._bootstrap>", line 991, in _find_and_load
  File "<frozen importlib._bootstrap>", line 975, in _find_and_load_unlocked
  File "<frozen importlib._bootstrap>", line 671, in _load_unlocked
  File "<frozen importlib._bootstrap_external>", line 843, in exec_module
  File "<frozen importlib._bootstrap>", line 219, in _call_with_frames_removed
  File "/home/ec2-user/planet-game/backend/app/app.py", line 1, in <module>
    from flask import Flask, request, jsonify, session, render_template, send_from_directory
ModuleNotFoundError: No module named 'flask'
[2024-09-21 19:17:51 +0000] [19240] [INFO] Worker exiting (pid: 19240)
[2024-09-21 19:17:51 +0000] [19238] [ERROR] Worker (pid:19240) exited with code 3
[2024-09-21 19:17:51 +0000] [19238] [ERROR] Shutting down: Master
[2024-09-21 19:17:51 +0000] [19238] [ERROR] Reason: Worker failed to boot.
[2024-09-21 19:20:44 +0000] [19252] [INFO] Starting gunicorn 23.0.0
[2024-09-21 19:20:44 +0000] [19252] [INFO] Listening at: http://127.0.0.1:8000 (19252)
[2024-09-21 19:20:44 +0000] [19252] [INFO] Using worker: sync
[2024-09-21 19:20:44 +0000] [19254] [INFO] Booting worker with pid: 19254
[2024-09-21 19:20:44 +0000] [19255] [INFO] Booting worker with pid: 19255
[2024-09-21 19:20:44 +0000] [19256] [INFO] Booting worker with pid: 19256
[2024-09-21 19:20:44 +0000] [19254] [ERROR] Exception in worker process
Traceback (most recent call last):
  File "/home/ec2-user/planet-game/myprojectenv/lib/python3.8/site-packages/gunicorn/arbiter.py", line 608, in spawn_worker
    worker.init_process()
  File "/home/ec2-user/planet-game/myprojectenv/lib/python3.8/site-packages/gunicorn/workers/base.py", line 135, in init_process
    self.load_wsgi()
  File "/home/ec2-user/planet-game/myprojectenv/lib/python3.8/site-packages/gunicorn/workers/base.py", line 147, in load_wsgi
    self.wsgi = self.app.wsgi()
  File "/home/ec2-user/planet-game/myprojectenv/lib/python3.8/site-packages/gunicorn/app/base.py", line 66, in wsgi
    self.callable = self.load()
  File "/home/ec2-user/planet-game/myprojectenv/lib/python3.8/site-packages/gunicorn/app/wsgiapp.py", line 57, in load
    return self.load_wsgiapp()
  File "/home/ec2-user/planet-game/myprojectenv/lib/python3.8/site-packages/gunicorn/app/wsgiapp.py", line 47, in load_wsgiapp
    return util.import_app(self.app_uri)
  File "/home/ec2-user/planet-game/myprojectenv/lib/python3.8/site-packages/gunicorn/util.py", line 370, in import_app
    mod = importlib.import_module(module)
  File "/home/ec2-user/miniconda3/envs/myprojectenv/lib/python3.8/importlib/__init__.py", line 127, in import_module
    return _bootstrap._gcd_import(name[level:], package, level)
  File "<frozen importlib._bootstrap>", line 1014, in _gcd_import
  File "<frozen importlib._bootstrap>", line 991, in _find_and_load
  File "<frozen importlib._bootstrap>", line 975, in _find_and_load_unlocked
  File "<frozen importlib._bootstrap>", line 671, in _load_unlocked
  File "<frozen importlib._bootstrap_external>", line 843, in exec_module
  File "<frozen importlib._bootstrap>", line 219, in _call_with_frames_removed
  File "/home/ec2-user/planet-game/backend/app/app.py", line 4, in <module>
    from dotenv import load_dotenv
ModuleNotFoundError: No module named 'dotenv'
[2024-09-21 19:20:44 +0000] [19254] [INFO] Worker exiting (pid: 19254)
[2024-09-21 19:20:44 +0000] [19255] [ERROR] Exception in worker process
Traceback (most recent call last):
  File "/home/ec2-user/planet-game/myprojectenv/lib/python3.8/site-packages/gunicorn/arbiter.py", line 608, in spawn_worker
    worker.init_process()
  File "/home/ec2-user/planet-game/myprojectenv/lib/python3.8/site-packages/gunicorn/workers/base.py", line 135, in init_process
    self.load_wsgi()
  File "/home/ec2-user/planet-game/myprojectenv/lib/python3.8/site-packages/gunicorn/workers/base.py", line 147, in load_wsgi
    self.wsgi = self.app.wsgi()
  File "/home/ec2-user/planet-game/myprojectenv/lib/python3.8/site-packages/gunicorn/app/base.py", line 66, in wsgi
    self.callable = self.load()
  File "/home/ec2-user/planet-game/myprojectenv/lib/python3.8/site-packages/gunicorn/app/wsgiapp.py", line 57, in load
    return self.load_wsgiapp()
  File "/home/ec2-user/planet-game/myprojectenv/lib/python3.8/site-packages/gunicorn/app/wsgiapp.py", line 47, in load_wsgiapp
    return util.import_app(self.app_uri)
  File "/home/ec2-user/planet-game/myprojectenv/lib/python3.8/site-packages/gunicorn/util.py", line 370, in import_app
    mod = importlib.import_module(module)
  File "/home/ec2-user/miniconda3/envs/myprojectenv/lib/python3.8/importlib/__init__.py", line 127, in import_module
    return _bootstrap._gcd_import(name[level:], package, level)
  File "<frozen importlib._bootstrap>", line 1014, in _gcd_import
  File "<frozen importlib._bootstrap>", line 991, in _find_and_load
  File "<frozen importlib._bootstrap>", line 975, in _find_and_load_unlocked
  File "<frozen importlib._bootstrap>", line 671, in _load_unlocked
  File "<frozen importlib._bootstrap_external>", line 843, in exec_module
  File "<frozen importlib._bootstrap>", line 219, in _call_with_frames_removed
  File "/home/ec2-user/planet-game/backend/app/app.py", line 4, in <module>
    from dotenv import load_dotenv
ModuleNotFoundError: No module named 'dotenv'
[2024-09-21 19:20:44 +0000] [19255] [INFO] Worker exiting (pid: 19255)
[2024-09-21 19:20:44 +0000] [19252] [ERROR] Worker (pid:19254) exited with code 3
[2024-09-21 19:20:44 +0000] [19252] [ERROR] Worker (pid:19255) was sent SIGTERM!
[2024-09-21 19:20:44 +0000] [19256] [ERROR] Exception in worker process
Traceback (most recent call last):
  File "/home/ec2-user/planet-game/myprojectenv/lib/python3.8/site-packages/gunicorn/arbiter.py", line 608, in spawn_worker
    worker.init_process()
  File "/home/ec2-user/planet-game/myprojectenv/lib/python3.8/site-packages/gunicorn/workers/base.py", line 135, in init_process
    self.load_wsgi()
  File "/home/ec2-user/planet-game/myprojectenv/lib/python3.8/site-packages/gunicorn/workers/base.py", line 147, in load_wsgi
    self.wsgi = self.app.wsgi()
  File "/home/ec2-user/planet-game/myprojectenv/lib/python3.8/site-packages/gunicorn/app/base.py", line 66, in wsgi
    self.callable = self.load()
  File "/home/ec2-user/planet-game/myprojectenv/lib/python3.8/site-packages/gunicorn/app/wsgiapp.py", line 57, in load
    return self.load_wsgiapp()
  File "/home/ec2-user/planet-game/myprojectenv/lib/python3.8/site-packages/gunicorn/app/wsgiapp.py", line 47, in load_wsgiapp
    return util.import_app(self.app_uri)
  File "/home/ec2-user/planet-game/myprojectenv/lib/python3.8/site-packages/gunicorn/util.py", line 370, in import_app
    mod = importlib.import_module(module)
  File "/home/ec2-user/miniconda3/envs/myprojectenv/lib/python3.8/importlib/__init__.py", line 127, in import_module
    return _bootstrap._gcd_import(name[level:], package, level)
  File "<frozen importlib._bootstrap>", line 1014, in _gcd_import
  File "<frozen importlib._bootstrap>", line 991, in _find_and_load
  File "<frozen importlib._bootstrap>", line 975, in _find_and_load_unlocked
  File "<frozen importlib._bootstrap>", line 671, in _load_unlocked
  File "<frozen importlib._bootstrap_external>", line 843, in exec_module
  File "<frozen importlib._bootstrap>", line 219, in _call_with_frames_removed
  File "/home/ec2-user/planet-game/backend/app/app.py", line 4, in <module>
    from dotenv import load_dotenv
ModuleNotFoundError: No module named 'dotenv'
[2024-09-21 19:20:44 +0000] [19256] [INFO] Worker exiting (pid: 19256)
[2024-09-21 19:20:44 +0000] [19252] [ERROR] Worker (pid:19256) exited with code 3
Traceback (most recent call last):
  File "/home/ec2-user/planet-game/myprojectenv/lib/python3.8/site-packages/gunicorn/arbiter.py", line 208, in run
    self.sleep()
  File "/home/ec2-user/planet-game/myprojectenv/lib/python3.8/site-packages/gunicorn/arbiter.py", line 359, in sleep
    ready = select.select([self.PIPE[0]], [], [], 1.0)
  File "/home/ec2-user/planet-game/myprojectenv/lib/python3.8/site-packages/gunicorn/arbiter.py", line 241, in handle_chld
    self.reap_workers()
  File "/home/ec2-user/planet-game/myprojectenv/lib/python3.8/site-packages/gunicorn/arbiter.py", line 529, in reap_workers
    raise HaltServer(reason, self.WORKER_BOOT_ERROR)
gunicorn.errors.HaltServer: <HaltServer 'Worker failed to boot.' 3>

During handling of the above exception, another exception occurred:

Traceback (most recent call last):
  File "/home/ec2-user/planet-game/myprojectenv/bin/gunicorn", line 8, in <module>
    sys.exit(run())
  File "/home/ec2-user/planet-game/myprojectenv/lib/python3.8/site-packages/gunicorn/app/wsgiapp.py", line 66, in run
    WSGIApplication("%(prog)s [OPTIONS] [APP_MODULE]", prog=prog).run()
  File "/home/ec2-user/planet-game/myprojectenv/lib/python3.8/site-packages/gunicorn/app/base.py", line 235, in run
    super().run()
  File "/home/ec2-user/planet-game/myprojectenv/lib/python3.8/site-packages/gunicorn/app/base.py", line 71, in run
    Arbiter(self).run()
  File "/home/ec2-user/planet-game/myprojectenv/lib/python3.8/site-packages/gunicorn/arbiter.py", line 228, in run
    self.halt(reason=inst.reason, exit_status=inst.exit_status)
  File "/home/ec2-user/planet-game/myprojectenv/lib/python3.8/site-packages/gunicorn/arbiter.py", line 341, in halt
    self.stop()
  File "/home/ec2-user/planet-game/myprojectenv/lib/python3.8/site-packages/gunicorn/arbiter.py", line 395, in stop
    time.sleep(0.1)
  File "/home/ec2-user/planet-game/myprojectenv/lib/python3.8/site-packages/gunicorn/arbiter.py", line 241, in handle_chld
    self.reap_workers()
  File "/home/ec2-user/planet-game/myprojectenv/lib/python3.8/site-packages/gunicorn/arbiter.py", line 529, in reap_workers
    raise HaltServer(reason, self.WORKER_BOOT_ERROR)
gunicorn.errors.HaltServer: <HaltServer 'Worker failed to boot.' 3>
[2024-09-21 19:24:45 +0000] [19283] [INFO] Starting gunicorn 23.0.0
[2024-09-21 19:24:45 +0000] [19283] [INFO] Listening at: http://127.0.0.1:8000 (19283)
[2024-09-21 19:24:45 +0000] [19283] [INFO] Using worker: sync
[2024-09-21 19:24:45 +0000] [19285] [INFO] Booting worker with pid: 19285
[2024-09-21 19:24:45 +0000] [19286] [INFO] Booting worker with pid: 19286
[2024-09-21 19:24:45 +0000] [19287] [INFO] Booting worker with pid: 19287
[2024-09-21 19:28:33 +0000] [19283] [ERROR] Worker (pid:19285) was sent SIGHUP!
[2024-09-21 19:28:33 +0000] [19283] [ERROR] Worker (pid:19286) was sent SIGHUP!
[2024-09-21 19:28:33 +0000] [19283] [ERROR] Worker (pid:19287) was sent SIGHUP!
[2024-09-21 19:28:33 +0000] [19357] [INFO] Booting worker with pid: 19357
[2024-09-21 19:28:33 +0000] [19358] [INFO] Booting worker with pid: 19358
[2024-09-21 19:28:33 +0000] [19359] [INFO] Booting worker with pid: 19359
[2024-09-21 19:28:33 +0000] [19283] [INFO] Handling signal: hup
[2024-09-21 19:28:33 +0000] [19283] [INFO] Hang up: Master
[2024-09-21 19:28:33 +0000] [19357] [INFO] Worker exiting (pid: 19357)
Template folder: /home/ec2-user/planet-game/backend/app/../../frontend
[2024-09-21 19:28:33 +0000] [19360] [INFO] Booting worker with pid: 19360
[2024-09-21 19:28:33 +0000] [19361] [INFO] Booting worker with pid: 19361
[2024-09-21 19:28:33 +0000] [19362] [INFO] Booting worker with pid: 19362
[2024-09-21 19:28:33 +0000] [19283] [ERROR] Worker (pid:19357) was sent SIGTERM!
[2024-09-21 19:28:33 +0000] [19358] [INFO] Worker exiting (pid: 19358)
Template folder: /home/ec2-user/planet-game/backend/app/../../frontend
[2024-09-21 19:28:34 +0000] [19359] [INFO] Worker exiting (pid: 19359)
Template folder: /home/ec2-user/planet-game/backend/app/../../frontend
[2024-09-21 19:28:38 +0000] [19283] [INFO] Handling signal: term
[2024-09-21 19:28:38 +0000] [19360] [INFO] Worker exiting (pid: 19360)
Template folder: /home/ec2-user/planet-game/backend/app/../../frontend
[2024-09-21 19:28:38 +0000] [19361] [INFO] Worker exiting (pid: 19361)
Template folder: /home/ec2-user/planet-game/backend/app/../../frontend
[2024-09-21 19:28:38 +0000] [19362] [INFO] Worker exiting (pid: 19362)
Template folder: /home/ec2-user/planet-game/backend/app/../../frontend
[2024-09-21 19:28:38 +0000] [19283] [INFO] Shutting down: Master
[2024-09-23 04:00:32 +0000] [3160] [INFO] Starting gunicorn 23.0.0
[2024-09-23 04:00:32 +0000] [3160] [INFO] Listening at: http://127.0.0.1:8000 (3160)
[2024-09-23 04:00:32 +0000] [3160] [INFO] Using worker: sync
[2024-09-23 04:00:32 +0000] [3162] [INFO] Booting worker with pid: 3162
[2024-09-23 04:00:32 +0000] [3163] [INFO] Booting worker with pid: 3163
[2024-09-23 04:00:32 +0000] [3164] [INFO] Booting worker with pid: 3164
[2024-09-23 04:12:03 +0000] [3160] [INFO] Handling signal: term
[2024-09-23 04:12:03 +0000] [3162] [INFO] Worker exiting (pid: 3162)
Template folder: /home/ec2-user/planet-game/backend/app/../../frontend
[2024-09-23 04:12:03 +0000] [3163] [INFO] Worker exiting (pid: 3163)
Template folder: /home/ec2-user/planet-game/backend/app/../../frontend
[2024-09-23 04:12:03 +0000] [3164] [INFO] Worker exiting (pid: 3164)
Template folder: /home/ec2-user/planet-game/backend/app/../../frontend
[2024-09-23 04:12:03 +0000] [3160] [ERROR] Worker (pid:3164) was sent SIGTERM!
[2024-09-23 04:12:03 +0000] [3160] [ERROR] Worker (pid:3163) was sent SIGTERM!
[2024-09-23 04:12:03 +0000] [3160] [ERROR] Worker (pid:3162) was sent SIGTERM!
[2024-09-23 04:12:03 +0000] [3160] [INFO] Shutting down: Master
[2024-09-23 04:16:57 +0000] [3262] [INFO] Starting gunicorn 23.0.0
[2024-09-23 04:16:57 +0000] [3262] [INFO] Listening at: http://127.0.0.1:8000 (3262)
[2024-09-23 04:16:57 +0000] [3262] [INFO] Using worker: sync
[2024-09-23 04:16:57 +0000] [3282] [INFO] Booting worker with pid: 3282
[2024-09-23 04:16:57 +0000] [3283] [INFO] Booting worker with pid: 3283
[2024-09-23 04:16:57 +0000] [3284] [INFO] Booting worker with pid: 3284
[2024-09-23 05:06:48 +0000] [3262] [INFO] Handling signal: term
[2024-09-23 05:06:48 +0000] [3282] [INFO] Worker exiting (pid: 3282)
Template folder: /home/ec2-user/planet-game/backend/app/../../frontend
[2024-09-23 05:06:48 +0000] [3283] [INFO] Worker exiting (pid: 3283)
Template folder: /home/ec2-user/planet-game/backend/app/../../frontend
[2024-09-23 05:06:48 +0000] [3284] [INFO] Worker exiting (pid: 3284)
Template folder: /home/ec2-user/planet-game/backend/app/../../frontend
[2024-09-23 05:06:48 +0000] [3262] [ERROR] Worker (pid:3283) was sent SIGTERM!
[2024-09-23 05:06:48 +0000] [3262] [ERROR] Worker (pid:3284) was sent SIGTERM!
[2024-09-23 05:06:48 +0000] [3262] [ERROR] Worker (pid:3282) was sent SIGTERM!
[2024-09-23 05:06:48 +0000] [3262] [INFO] Shutting down: Master
[2024-09-23 05:06:48 +0000] [3489] [INFO] Starting gunicorn 23.0.0
[2024-09-23 05:06:48 +0000] [3489] [INFO] Listening at: http://127.0.0.1:8000 (3489)
[2024-09-23 05:06:48 +0000] [3489] [INFO] Using worker: sync
[2024-09-23 05:06:48 +0000] [3511] [INFO] Booting worker with pid: 3511
[2024-09-23 05:06:48 +0000] [3512] [INFO] Booting worker with pid: 3512
[2024-09-23 05:06:48 +0000] [3513] [INFO] Booting worker with pid: 3513
[2024-09-23 05:26:57 +0000] [3489] [ERROR] Worker (pid:3511) was sent SIGHUP!
[2024-09-23 05:26:57 +0000] [3489] [ERROR] Worker (pid:3512) was sent SIGHUP!
[2024-09-23 05:26:57 +0000] [3489] [ERROR] Worker (pid:3513) was sent SIGHUP!
[2024-09-23 05:26:57 +0000] [3639] [INFO] Booting worker with pid: 3639
[2024-09-23 05:26:57 +0000] [3640] [INFO] Booting worker with pid: 3640
[2024-09-23 05:26:57 +0000] [3641] [INFO] Booting worker with pid: 3641
[2024-09-23 05:26:57 +0000] [3489] [INFO] Handling signal: hup
[2024-09-23 05:26:57 +0000] [3489] [INFO] Hang up: Master
[2024-09-23 05:26:57 +0000] [3642] [INFO] Booting worker with pid: 3642
[2024-09-23 05:26:57 +0000] [3643] [INFO] Booting worker with pid: 3643
[2024-09-23 05:26:57 +0000] [3639] [INFO] Worker exiting (pid: 3639)
Template folder: /home/ec2-user/planet-game/backend/app/../../frontend
[2024-09-23 05:26:57 +0000] [3644] [INFO] Booting worker with pid: 3644
[2024-09-23 05:26:58 +0000] [3641] [INFO] Worker exiting (pid: 3641)
Template folder: /home/ec2-user/planet-game/backend/app/../../frontend
[2024-09-23 05:26:58 +0000] [3640] [INFO] Worker exiting (pid: 3640)
Template folder: /home/ec2-user/planet-game/backend/app/../../frontend
[2024-09-23 05:26:58 +0000] [3489] [ERROR] Worker (pid:3640) was sent SIGTERM!
[2024-09-23 16:47:01 +0000] [3489] [INFO] Handling signal: term
[2024-09-23 16:47:01 +0000] [3642] [INFO] Worker exiting (pid: 3642)
Template folder: /home/ec2-user/planet-game/backend/app/../../frontend
Received data: {'username': 'ssyy063013', 'score': 1390}
[2024-09-23 16:47:01 +0000] [3643] [INFO] Worker exiting (pid: 3643)
Template folder: /home/ec2-user/planet-game/backend/app/../../frontend
[2024-09-23 16:47:01 +0000] [3644] [INFO] Worker exiting (pid: 3644)
Template folder: /home/ec2-user/planet-game/backend/app/../../frontend
User is not logged in.
[2024-09-23 16:47:01 +0000] [3489] [ERROR] Worker (pid:3642) was sent SIGTERM!
[2024-09-23 16:47:01 +0000] [3489] [ERROR] Worker (pid:3643) was sent SIGTERM!
[2024-09-23 16:47:01 +0000] [3489] [ERROR] Worker (pid:3644) was sent SIGTERM!
[2024-09-23 16:47:02 +0000] [3489] [INFO] Shutting down: Master
[2024-09-25 08:18:30 +0000] [3151] [INFO] Starting gunicorn 23.0.0
[2024-09-25 08:18:30 +0000] [3151] [INFO] Listening at: http://127.0.0.1:8000 (3151)
[2024-09-25 08:18:30 +0000] [3151] [INFO] Using worker: sync
[2024-09-25 08:18:30 +0000] [3168] [INFO] Booting worker with pid: 3168
[2024-09-25 08:18:30 +0000] [3169] [INFO] Booting worker with pid: 3169
[2024-09-25 08:18:30 +0000] [3170] [INFO] Booting worker with pid: 3170
[2024-09-25 08:22:02 +0000] [3151] [ERROR] Worker (pid:3169) was sent SIGHUP!
[2024-09-25 08:22:02 +0000] [3151] [ERROR] Worker (pid:3170) was sent SIGHUP!
[2024-09-25 08:22:02 +0000] [3151] [ERROR] Worker (pid:3168) was sent SIGHUP!
[2024-09-25 08:22:02 +0000] [3180] [INFO] Booting worker with pid: 3180
[2024-09-25 08:22:02 +0000] [3181] [INFO] Booting worker with pid: 3181
[2024-09-25 08:22:02 +0000] [3151] [INFO] Handling signal: hup
[2024-09-25 08:22:02 +0000] [3151] [INFO] Hang up: Master
[2024-09-25 08:22:02 +0000] [3180] [INFO] Worker exiting (pid: 3180)
Template folder: /home/ec2-user/planet-game/backend/app/../../frontend
[2024-09-25 08:22:02 +0000] [3183] [INFO] Booting worker with pid: 3183
[2024-09-25 08:22:02 +0000] [3184] [INFO] Booting worker with pid: 3184
[2024-09-25 08:22:02 +0000] [3182] [INFO] Booting worker with pid: 3182
[2024-09-25 08:22:02 +0000] [3151] [ERROR] Worker (pid:3180) was sent SIGTERM!
[2024-09-25 08:22:02 +0000] [3181] [INFO] Worker exiting (pid: 3181)
Template folder: /home/ec2-user/planet-game/backend/app/../../frontend
[2024-10-07 08:10:01 +0000] [3151] [INFO] Handling signal: hup
--- Logging error ---
Traceback (most recent call last):
  File "/home/ec2-user/miniconda3/envs/myprojectenv/lib/python3.8/logging/__init__.py", line 1089, in emit
    self.flush()
  File "/home/ec2-user/miniconda3/envs/myprojectenv/lib/python3.8/logging/__init__.py", line 1069, in flush
    self.stream.flush()
RuntimeError
Call stack:
  File "/home/ec2-user/miniconda3/envs/myprojectenv/bin/gunicorn", line 8, in <module>
    sys.exit(run())
  File "/home/ec2-user/miniconda3/envs/myprojectenv/lib/python3.8/site-packages/gunicorn/app/wsgiapp.py", line 66, in run
    WSGIApplication("%(prog)s [OPTIONS] [APP_MODULE]", prog=prog).run()
  File "/home/ec2-user/miniconda3/envs/myprojectenv/lib/python3.8/site-packages/gunicorn/app/base.py", line 235, in run
    super().run()
  File "/home/ec2-user/miniconda3/envs/myprojectenv/lib/python3.8/site-packages/gunicorn/app/base.py", line 71, in run
    Arbiter(self).run()
  File "/home/ec2-user/miniconda3/envs/myprojectenv/lib/python3.8/site-packages/gunicorn/arbiter.py", line 222, in run
    self.log.info("Handling signal: %s", signame)
  File "/home/ec2-user/miniconda3/envs/myprojectenv/lib/python3.8/site-packages/gunicorn/glogging.py", line 277, in info
    self.error_log.info(msg, *args, **kwargs)
  File "/home/ec2-user/miniconda3/envs/myprojectenv/lib/python3.8/logging/__init__.py", line 1446, in info
    self._log(INFO, msg, args, **kwargs)
  File "/home/ec2-user/miniconda3/envs/myprojectenv/lib/python3.8/logging/__init__.py", line 1589, in _log
    self.handle(record)
  File "/home/ec2-user/miniconda3/envs/myprojectenv/lib/python3.8/logging/__init__.py", line 1599, in handle
    self.callHandlers(record)
  File "/home/ec2-user/miniconda3/envs/myprojectenv/lib/python3.8/logging/__init__.py", line 1661, in callHandlers
    hdlr.handle(record)
  File "/home/ec2-user/miniconda3/envs/myprojectenv/lib/python3.8/logging/__init__.py", line 954, in handle
    self.emit(record)
  File "/home/ec2-user/miniconda3/envs/myprojectenv/lib/python3.8/logging/__init__.py", line 1089, in emit
    self.flush()
  File "/home/ec2-user/miniconda3/envs/myprojectenv/lib/python3.8/logging/__init__.py", line 1069, in flush
    self.stream.flush()
  File "/home/ec2-user/miniconda3/envs/myprojectenv/lib/python3.8/site-packages/gunicorn/arbiter.py", line 241, in handle_chld
    self.reap_workers()
  File "/home/ec2-user/miniconda3/envs/myprojectenv/lib/python3.8/site-packages/gunicorn/arbiter.py", line 553, in reap_workers
    self.log.error(msg)
  File "/home/ec2-user/miniconda3/envs/myprojectenv/lib/python3.8/site-packages/gunicorn/glogging.py", line 271, in error
    self.error_log.error(msg, *args, **kwargs)
Message: 'Worker (pid:3182) was sent SIGHUP!'
Arguments: ()
[2024-10-07 08:10:01 +0000] [3151] [INFO] Hang up: Master
[2024-10-07 08:10:01 +0000] [28877] [INFO] Booting worker with pid: 28877
[2024-10-07 08:10:01 +0000] [28876] [INFO] Booting worker with pid: 28876
[2024-10-07 08:10:01 +0000] [28878] [INFO] Booting worker with pid: 28878
[2024-10-07 08:10:01 +0000] [3151] [INFO] Handling signal: term
[2024-10-07 08:10:31 +0000] [3151] [INFO] Shutting down: Master
[2024-10-18 02:41:58 +0000] [3154] [INFO] Starting gunicorn 23.0.0
[2024-10-18 02:41:58 +0000] [3154] [INFO] Listening at: http://127.0.0.1:8000 (3154)
[2024-10-18 02:41:58 +0000] [3154] [INFO] Using worker: sync
[2024-10-18 02:41:58 +0000] [3173] [INFO] Booting worker with pid: 3173
[2024-10-18 02:41:58 +0000] [3174] [INFO] Booting worker with pid: 3174
[2024-10-18 02:41:58 +0000] [3175] [INFO] Booting worker with pid: 3175
[2024-10-18 12:00:47 +0000] [3154] [ERROR] Worker (pid:3173) was sent SIGHUP!
[2024-10-18 12:00:47 +0000] [3154] [ERROR] Worker (pid:3174) was sent SIGHUP!
[2024-10-18 12:00:47 +0000] [3154] [ERROR] Worker (pid:3175) was sent SIGHUP!
[2024-10-18 12:00:47 +0000] [5241] [INFO] Booting worker with pid: 5241
[2024-10-18 12:00:48 +0000] [5244] [INFO] Booting worker with pid: 5244
[2024-10-18 12:00:48 +0000] [5245] [INFO] Booting worker with pid: 5245
[2024-10-18 12:00:48 +0000] [3154] [INFO] Handling signal: hup
[2024-10-18 12:00:48 +0000] [3154] [INFO] Hang up: Master
[2024-10-18 12:00:48 +0000] [5246] [INFO] Booting worker with pid: 5246
[2024-10-18 12:00:48 +0000] [5247] [INFO] Booting worker with pid: 5247
[2024-10-18 12:00:48 +0000] [5241] [INFO] Worker exiting (pid: 5241)
Template folder: /home/ec2-user/planet-game/backend/app/../../frontend
[2024-10-18 12:00:48 +0000] [5248] [INFO] Booting worker with pid: 5248
[2024-10-18 12:00:48 +0000] [5245] [INFO] Worker exiting (pid: 5245)
Template folder: /home/ec2-user/planet-game/backend/app/../../frontend
[2024-10-18 12:00:48 +0000] [5244] [INFO] Worker exiting (pid: 5244)
Template folder: /home/ec2-user/planet-game/backend/app/../../frontend
[2024-10-18 12:00:48 +0000] [3154] [ERROR] Worker (pid:5244) was sent SIGTERM!
[2024-12-10 13:20:54 +0000] [5248] [WARNING] Invalid request from ip=127.0.0.1: Request Line is too large (7771 > 4094)
[2024-12-10 14:49:16 +0000] [5247] [WARNING] Invalid request from ip=127.0.0.1: Request Line is too large (7771 > 4094)
